// 重构日志: 56c86eff
// 重构日志: c17cb889
// 重构日志: 99d265b1
// 同步 ID: d705dfe8 @ Thu Jul 30 15:23:39 UTC 2026
// 同步 ID: 9feeec18 @ Fri Jul 31 01:16:31 UTC 2026
// 重构日志: bc5c2a13
// 重构日志: b773376f
// 同步 ID: 1a3c1aa2 @ Sat Aug  1 10:05:38 UTC 2026
// 同步 ID: cd7d004c @ Sat Aug  1 12:19:19 UTC 2026
// 同步 ID: 7a67634c @ Sat Aug  1 14:46:47 UTC 2026
// 同步 ID: bf321b7c @ Sun Aug  2 04:52:11 UTC 2026
// 重构日志: 19c8bba8
// 同步 ID: e9b1ac3c @ Sun Aug  2 14:59:08 UTC 2026
// 重构日志: d5ec5a0d
// 重构日志: 29dd2116
// 同步 ID: 25f4d0ad @ Tue Aug  4 07:43:26 UTC 2026
// 重构日志: 7de23158
// 重构日志: ef5fc846
// 重构日志: efa99996
// 重构日志: 37241976
// 同步 ID: 90b4ef8c @ Wed Aug  5 01:50:25 UTC 2026
// 同步 ID: 903c8896 @ Wed Aug  5 08:52:46 UTC 2026
// 同步 ID: 4f17c6fc @ Wed Aug  5 11:10:09 UTC 2026
// 同步 ID: ee7512a7 @ Wed Aug  5 13:50:33 UTC 2026
// 同步 ID: c8aa4676 @ Wed Aug  5 16:24:54 UTC 2026
// 重构日志: 395f711b
// 同步 ID: dcdb1e4b @ Thu Aug  6 12:54:13 UTC 2026
// 重构日志: 6d6f2d1f
// 重构日志: 6e3211c9
// 同步 ID: d497e362 @ Fri Aug  7 12:28:07 UTC 2026
// 重构日志: 65987497
// 重构日志: 552a49f4
